This is XeTeX, Version 3.141592653-2.6-0.999996 (MiKTeX 24.4) (preloaded format=xelatex 2026.8.25)  25 AUG 2026 00:10
entering extended mode
 restricted \write18 enabled.
 file:line:error style messages enabled.
 %&-line parsing enabled.
**./untitled.tex
(untitled.tex
LaTeX2e <2024-06-01> patch level 2
L3 programming layer <2024-05-27>

untitled.tex:1: LaTeX Error: Missing \begin{document}.

See the LaTeX manual or LaTeX Companion for explanation.
Type  H <return>  for immediate help.
 ...                                              
                                                  
l.1 H
     ola mundo 
Here is how much of TeX's memory you used:
 15 strings out of 409034
 403 string characters out of 5761104
 1918560 words of memory out of 5000000
 22778 multiletter control sequences out of 15000+600000
 558069 words of font info for 36 fonts, out of 8000000 for 9000
 1348 hyphenation exceptions out of 8191
 15i,0n,18p,60b,14s stack positions out of 10000i,1000n,20000p,200000b,200000s

No pages of output.
